[debug] [2026-06-25T14:01:37.086Z] ----------------------------------------------------------------------
[debug] [2026-06-25T14:01:37.089Z] Command:       C:\Program Files\nodejs\node.exe C:\Users\LENOVO\AppData\Roaming\npm\node_modules\firebase-tools\lib\bin\firebase.js init hosting
[debug] [2026-06-25T14:01:37.089Z] CLI Version:   15.22.2
[debug] [2026-06-25T14:01:37.090Z] Platform:      win32
[debug] [2026-06-25T14:01:37.090Z] Node Version:  v24.18.0
[debug] [2026-06-25T14:01:37.090Z] Detected Agent: unknown
[debug] [2026-06-25T14:01:37.090Z] Time:          Thu Jun 25 2026 22:01:37 GMT+0800 (Ulaanbaatar Standard Time)
[debug] [2026-06-25T14:01:37.090Z] ----------------------------------------------------------------------
[debug] 
[info] 
     ######## #### ########  ######## ########     ###     ######  ########
     ##        ##  ##     ## ##       ##     ##  ##   ##  ##       ##
     ######    ##  ########  ######   ########  #########  ######  ######
     ##        ##  ##    ##  ##       ##     ## ##     ##       ## ##
     ##       #### ##     ## ######## ########  ##     ##  ######  ########

You're about to initialize a Firebase project in this directory:

  C:\Users\LENOVO\Documents\GitHub\nippon_spring_2026

[info] 
=== Project Setup
[info] 
[info] First, let's associate this project directory with a Firebase project.
[info] You can create multiple project aliases by running firebase use --add, 
[info] 
[debug] [2026-06-25T14:06:11.886Z] > command requires scopes: ["email","openid","https://www.googleapis.com/auth/cloudplatformprojects.readonly","https://www.googleapis.com/auth/firebase","https://www.googleapis.com/auth/cloud-platform"]
[debug] [2026-06-25T14:06:11.886Z] > authorizing via signed-in user (myangaa97@gmail.com)
[debug] [2026-06-25T14:06:11.888Z] Checked if tokens are valid: true, expires at: 1782399511163
[debug] [2026-06-25T14:06:11.888Z] Checked if tokens are valid: true, expires at: 1782399511163
[debug] [2026-06-25T14:06:11.890Z] >>> [apiv2][query] GET https://firebase.googleapis.com/v1beta1/projects pageSize=100
[debug] [2026-06-25T14:06:12.816Z] <<< [apiv2][status] GET https://firebase.googleapis.com/v1beta1/projects 200
[debug] [2026-06-25T14:06:12.816Z] <<< [apiv2][body] GET https://firebase.googleapis.com/v1beta1/projects [omitted]
[info] 
=== Hosting Setup
[debug] [2026-06-25T14:06:17.124Z] Checked if tokens are valid: true, expires at: 1782399511163
[debug] [2026-06-25T14:06:17.125Z] Checked if tokens are valid: true, expires at: 1782399511163
[debug] [2026-06-25T14:06:17.125Z] >>> [apiv2][query] GET https://firebase.googleapis.com/v1beta1/projects/nippon-spring-2026-myangaa [none]
[debug] [2026-06-25T14:06:17.583Z] <<< [apiv2][status] GET https://firebase.googleapis.com/v1beta1/projects/nippon-spring-2026-myangaa 200
[debug] [2026-06-25T14:06:17.583Z] <<< [apiv2][body] GET https://firebase.googleapis.com/v1beta1/projects/nippon-spring-2026-myangaa {"projectId":"nippon-spring-2026-myangaa","projectNumber":"394631305001","displayName":"nippon-spring-2026-myangaa","name":"projects/nippon-spring-2026-myangaa","resources":{"hostingSite":"nippon-spring-2026-myangaa"},"state":"ACTIVE","etag":"1_9183dd34-c411-4c84-9969-bce12c228253"}
[info] 
[info] Your public directory is the folder (relative to your project directory) that
[info] will contain Hosting assets to be uploaded with firebase deploy. If you
[info] have a build process for your assets, use your build's output directory.
[info] 
